/home/BOA/utils/data_utils.py:17: FutureWarning: You are using `torch.load` with `weights_only=False` (the current default value), which uses the default pickle module implicitly. It is possible to construct malicious pickle data which will execute arbitrary code during unpickling (See https://github.com/pytorch/pytorch/blob/main/SECURITY.md#untrusted-models for more details). In a future release, the default value for `weights_only` will be flipped to `True`. This limits the functions that could be executed during unpickling. Arbitrary objects will no longer be allowed to be loaded via this mode unless they are explicitly allowlisted by the user via `torch.serialization.add_safe_globals`. We recommend you start setting `weights_only=True` for any use case where you don't have full control of the loaded file. Please open an issue on GitHub for any issues related to this experimental feature.
  calib_data = torch.load(cache_calib_data_path)
load calibration from cache/calib_opt_wikitext2_128_2048_0.cache
Start quantization
load calibration from cache/calib_opt_wikitext2_8_2048_1000.cache
[dense] arm=boa blocks=[0] -> /home/BOA/results/phase3_gate
>>>> Quantizing 1-th Transformer Block.... (1/12)
[dense] block 0: cached 8 calib + 8 held-out sequences
--------------------------------------------------
>>> Layer: self_attn.k_proj
      [diag] |U_dense - kron(U_row,U_col)|/|U|: fp32 route 1.799e-05, fp64 route 3.994e-06
      [GATE fp64, head 0] |Q_dense - Q_boa|/|Q_boa| = 0.000e+00, level flips = 0
      head 0 done
      head 1 done
      head 2 done
      head 3 done
      head 4 done
      head 5 done
      head 6 done
      head 7 done
      head 8 done
      head 9 done
      head 10 done
      head 11 done
[dense] GATE self_attn.k_proj: |Q_dense - Q_boa|/|Q_boa| = 9.307e-03; 319213/589824 entries differ, 124 are level flips, max non-flip |diff|/scale = 2.26e-03
[dense] GATE PASSED in exact arithmetic; fp32 ordering noise: rel 9.31e-03, 124 flips
--------------------------------------------------
>>> Layer: self_attn.v_proj
--------------------------------------------------
>>> Layer: self_attn.q_proj
      [diag] |U_dense - kron(U_row,U_col)|/|U|: fp32 route 2.676e-05, fp64 route 4.232e-06
      [GATE fp64, head 0] |Q_dense - Q_boa|/|Q_boa| = 0.000e+00, level flips = 0
      head 0 done
      head 1 done
      head 2 done
      head 3 done
      head 4 done
      head 5 done
      head 6 done
      head 7 done
      head 8 done
      head 9 done
      head 10 done
      head 11 done
[dense] GATE self_attn.q_proj: |Q_dense - Q_boa|/|Q_boa| = 2.064e-04; 390915/589824 entries differ, 0 are level flips, max non-flip |diff|/scale = 2.11e-03
[dense] GATE PASSED in exact arithmetic; fp32 ordering noise: rel 2.06e-04, 0 flips
--------------------------------------------------
>>> Layer: self_attn.out_proj
--------------------------------------------------
>>> Layer: fc1
--------------------------------------------------
>>> Layer: fc2
[dense] wrote /home/BOA/results/phase3_gate/block00.json
>>>> Quantizing 2-th Transformer Block.... (2/12)
--------------------------------------------------
>>> Layer: self_attn.k_proj
--------------------------------------------------
>>> Layer: self_attn.v_proj
--------------------------------------------------
>>> Layer: self_attn.q_proj
--------------------------------------------------
>>> Layer: self_attn.out_proj
--------------------------------------------------
>>> Layer: fc1
--------------------------------------------------
>>> Layer: fc2
>>>> Quantizing 3-th Transformer Block.... (3/12)
--------------------------------------------------
>>> Layer: self_attn.k_proj
--------------------------------------------------
>>> Layer: self_attn.v_proj
--------------------------------------------------
>>> Layer: self_attn.q_proj
--------------------------------------------------
>>> Layer: self_attn.out_proj
--------------------------------------------------
>>> Layer: fc1
--------------------------------------------------
>>> Layer: fc2
>>>> Quantizing 4-th Transformer Block.... (4/12)
--------------------------------------------------
>>> Layer: self_attn.k_proj
--------------------------------------------------
>>> Layer: self_attn.v_proj
--------------------------------------------------
>>> Layer: self_attn.q_proj
--------------------------------------------------
>>> Layer: self_attn.out_proj
--------------------------------------------------
>>> Layer: fc1
--------------------------------------------------
>>> Layer: fc2
>>>> Quantizing 5-th Transformer Block.... (5/12)
--------------------------------------------------
>>> Layer: self_attn.k_proj
--------------------------------------------------
>>> Layer: self_attn.v_proj
--------------------------------------------------
>>> Layer: self_attn.q_proj
--------------------------------------------------
>>> Layer: self_attn.out_proj
--------------------------------------------------
>>> Layer: fc1
--------------------------------------------------
>>> Layer: fc2
>>>> Quantizing 6-th Transformer Block.... (6/12)
--------------------------------------------------
>>> Layer: self_attn.k_proj
--------------------------------------------------
>>> Layer: self_attn.v_proj
--------------------------------------------------
>>> Layer: self_attn.q_proj
--------------------------------------------------
>>> Layer: self_attn.out_proj
--------------------------------------------------
>>> Layer: fc1
--------------------------------------------------
>>> Layer: fc2
>>>> Quantizing 7-th Transformer Block.... (7/12)
--------------------------------------------------
>>> Layer: self_attn.k_proj
--------------------------------------------------
>>> Layer: self_attn.v_proj
--------------------------------------------------
>>> Layer: self_attn.q_proj
--------------------------------------------------
>>> Layer: self_attn.out_proj
--------------------------------------------------
>>> Layer: fc1
--------------------------------------------------
>>> Layer: fc2
>>>> Quantizing 8-th Transformer Block.... (8/12)
--------------------------------------------------
>>> Layer: self_attn.k_proj
